C:/Users/james/Documents/2.Robotics/rover-embedded-2025/Arm_Brushless_2026/Robotics_Waist_2026/Src/main.c:277:6:SystemClock_Config	88	static,ignoring_inline_asm
C:/Users/james/Documents/2.Robotics/rover-embedded-2025/Arm_Brushless_2026/Robotics_Waist_2026/Src/main.c:134:5:main	160	static,ignoring_inline_asm
C:/Users/james/Documents/2.Robotics/rover-embedded-2025/Arm_Brushless_2026/Robotics_Waist_2026/Src/main.c:1078:6:HAL_FDCAN_RxFifo0Callback	8	static
C:/Users/james/Documents/2.Robotics/rover-embedded-2025/Arm_Brushless_2026/Robotics_Waist_2026/Src/main.c:1114:6:HAL_TIM_PeriodElapsedCallback	8	static
C:/Users/james/Documents/2.Robotics/rover-embedded-2025/Arm_Brushless_2026/Robotics_Waist_2026/Src/main.c:1188:7:Read_Encoder_Position_Rad	0	static
C:/Users/james/Documents/2.Robotics/rover-embedded-2025/Arm_Brushless_2026/Robotics_Waist_2026/Src/main.c:1200:7:degreesToRad	8	static
C:/Users/james/Documents/2.Robotics/rover-embedded-2025/Arm_Brushless_2026/Robotics_Waist_2026/Src/main.c:1204:7:radToDegrees	8	static
C:/Users/james/Documents/2.Robotics/rover-embedded-2025/Arm_Brushless_2026/Robotics_Waist_2026/Src/main.c:1210:7:inputShaftToOutput	0	static
C:/Users/james/Documents/2.Robotics/rover-embedded-2025/Arm_Brushless_2026/Robotics_Waist_2026/Src/main.c:1216:7:outputShaftToInput	0	static
C:/Users/james/Documents/2.Robotics/rover-embedded-2025/Arm_Brushless_2026/Robotics_Waist_2026/Src/main.c:1229:6:Error_Handler	0	static,ignoring_inline_asm
