C:/Users/james/Documents/2.Robotics/rover-embedded-2025/Arm_Brushless_2026/Robotics_Waist_2026/Src/mc_interface.c:77:13:MCI_ExecSpeedRamp	0	static
C:/Users/james/Documents/2.Robotics/rover-embedded-2025/Arm_Brushless_2026/Robotics_Waist_2026/Src/mc_interface.c:117:13:MCI_ExecSpeedRamp_F	8	static
C:/Users/james/Documents/2.Robotics/rover-embedded-2025/Arm_Brushless_2026/Robotics_Waist_2026/Src/mc_interface.c:157:13:MCI_ExecTorqueRamp	0	static
C:/Users/james/Documents/2.Robotics/rover-embedded-2025/Arm_Brushless_2026/Robotics_Waist_2026/Src/mc_interface.c:199:13:MCI_ExecTorqueRamp_F	8	static
C:/Users/james/Documents/2.Robotics/rover-embedded-2025/Arm_Brushless_2026/Robotics_Waist_2026/Src/mc_interface.c:231:13:MCI_SetCurrentReferences	8	static
C:/Users/james/Documents/2.Robotics/rover-embedded-2025/Arm_Brushless_2026/Robotics_Waist_2026/Src/mc_interface.c:267:13:MCI_SetCurrentReferences_F	24	static
C:/Users/james/Documents/2.Robotics/rover-embedded-2025/Arm_Brushless_2026/Robotics_Waist_2026/Src/mc_interface.c:303:13:MCI_ExecPositionCommand	24	static
C:/Users/james/Documents/2.Robotics/rover-embedded-2025/Arm_Brushless_2026/Robotics_Waist_2026/Src/mc_interface.c:512:13:MCI_GetCalibratedOffsetsMotor	8	static
C:/Users/james/Documents/2.Robotics/rover-embedded-2025/Arm_Brushless_2026/Robotics_Waist_2026/Src/mc_interface.c:693:13:MCI_FaultProcessing	0	static
C:/Users/james/Documents/2.Robotics/rover-embedded-2025/Arm_Brushless_2026/Robotics_Waist_2026/Src/mc_interface.c:718:13:MCI_ExecBufferedCommands	8	static
C:/Users/james/Documents/2.Robotics/rover-embedded-2025/Arm_Brushless_2026/Robotics_Waist_2026/Src/mc_interface.c:791:27:MCI_IsCommandAcknowledged	0	static
C:/Users/james/Documents/2.Robotics/rover-embedded-2025/Arm_Brushless_2026/Robotics_Waist_2026/Src/mc_interface.c:823:20:MCI_GetSTMState	0	static
C:/Users/james/Documents/2.Robotics/rover-embedded-2025/Arm_Brushless_2026/Robotics_Waist_2026/Src/mc_interface.c:837:24:MCI_GetCtrlPositionState	0	static
C:/Users/james/Documents/2.Robotics/rover-embedded-2025/Arm_Brushless_2026/Robotics_Waist_2026/Src/mc_interface.c:851:22:MCI_GetAlignmentStatus	0	static
C:/Users/james/Documents/2.Robotics/rover-embedded-2025/Arm_Brushless_2026/Robotics_Waist_2026/Src/mc_interface.c:865:16:MCI_GetCurrentPosition	0	static
C:/Users/james/Documents/2.Robotics/rover-embedded-2025/Arm_Brushless_2026/Robotics_Waist_2026/Src/mc_interface.c:879:16:MCI_GetTargetPosition	0	static
C:/Users/james/Documents/2.Robotics/rover-embedded-2025/Arm_Brushless_2026/Robotics_Waist_2026/Src/mc_interface.c:893:16:MCI_GetMoveDuration	0	static
C:/Users/james/Documents/2.Robotics/rover-embedded-2025/Arm_Brushless_2026/Robotics_Waist_2026/Src/mc_interface.c:907:16:MCI_GetCtrlPositionAngle	0	static
C:/Users/james/Documents/2.Robotics/rover-embedded-2025/Arm_Brushless_2026/Robotics_Waist_2026/Src/mc_interface.c:921:13:MCI_SetCtrlPositionAngle	0	static
C:/Users/james/Documents/2.Robotics/rover-embedded-2025/Arm_Brushless_2026/Robotics_Waist_2026/Src/mc_interface.c:942:17:MCI_GetOccurredFaults	0	static
C:/Users/james/Documents/2.Robotics/rover-embedded-2025/Arm_Brushless_2026/Robotics_Waist_2026/Src/mc_interface.c:962:17:MCI_GetCurrentFaults	0	static
C:/Users/james/Documents/2.Robotics/rover-embedded-2025/Arm_Brushless_2026/Robotics_Waist_2026/Src/mc_interface.c:362:13:MCI_StartMotor	8	static
C:/Users/james/Documents/2.Robotics/rover-embedded-2025/Arm_Brushless_2026/Robotics_Waist_2026/Src/mc_interface.c:424:13:MCI_StartWithPolarizationMotor	8	static
C:/Users/james/Documents/2.Robotics/rover-embedded-2025/Arm_Brushless_2026/Robotics_Waist_2026/Src/mc_interface.c:469:13:MCI_StartOffsetMeasurments	8	static
C:/Users/james/Documents/2.Robotics/rover-embedded-2025/Arm_Brushless_2026/Robotics_Waist_2026/Src/mc_interface.c:558:13:MCI_SetCalibratedOffsetsMotor	16	static
C:/Users/james/Documents/2.Robotics/rover-embedded-2025/Arm_Brushless_2026/Robotics_Waist_2026/Src/mc_interface.c:603:13:MCI_StopMotor	16	static
C:/Users/james/Documents/2.Robotics/rover-embedded-2025/Arm_Brushless_2026/Robotics_Waist_2026/Src/mc_interface.c:658:13:MCI_FaultAcknowledged	8	static
C:/Users/james/Documents/2.Robotics/rover-embedded-2025/Arm_Brushless_2026/Robotics_Waist_2026/Src/mc_interface.c:986:17:MCI_GetFaultState	0	static
C:/Users/james/Documents/2.Robotics/rover-embedded-2025/Arm_Brushless_2026/Robotics_Waist_2026/Src/mc_interface.c:1011:25:MCI_GetControlMode	0	static
C:/Users/james/Documents/2.Robotics/rover-embedded-2025/Arm_Brushless_2026/Robotics_Waist_2026/Src/mc_interface.c:1027:16:MCI_GetImposedMotorDirection	0	static
C:/Users/james/Documents/2.Robotics/rover-embedded-2025/Arm_Brushless_2026/Robotics_Waist_2026/Src/mc_interface.c:1095:16:MCI_GetLastRampFinalSpeed	0	static
C:/Users/james/Documents/2.Robotics/rover-embedded-2025/Arm_Brushless_2026/Robotics_Waist_2026/Src/mc_interface.c:1121:16:MCI_GetLastRampFinalTorque	0	static
C:/Users/james/Documents/2.Robotics/rover-embedded-2025/Arm_Brushless_2026/Robotics_Waist_2026/Src/mc_interface.c:1147:16:MCI_GetLastRampFinalTorque_F	0	static
C:/Users/james/Documents/2.Robotics/rover-embedded-2025/Arm_Brushless_2026/Robotics_Waist_2026/Src/mc_interface.c:1172:17:MCI_GetLastRampFinalDuration	0	static
C:/Users/james/Documents/2.Robotics/rover-embedded-2025/Arm_Brushless_2026/Robotics_Waist_2026/Src/mc_interface.c:1196:16:MCI_GetLastRampFinalSpeed_F	0	static
C:/Users/james/Documents/2.Robotics/rover-embedded-2025/Arm_Brushless_2026/Robotics_Waist_2026/Src/mc_interface.c:1216:13:MCI_RampCompleted	8	static
C:/Users/james/Documents/2.Robotics/rover-embedded-2025/Arm_Brushless_2026/Robotics_Waist_2026/Src/mc_interface.c:1249:13:MCI_StopSpeedRamp	0	static
C:/Users/james/Documents/2.Robotics/rover-embedded-2025/Arm_Brushless_2026/Robotics_Waist_2026/Src/mc_interface.c:1262:13:MCI_StopRamp	0	static
C:/Users/james/Documents/2.Robotics/rover-embedded-2025/Arm_Brushless_2026/Robotics_Waist_2026/Src/mc_interface.c:1286:13:MCI_GetSpdSensorReliability	0	static
C:/Users/james/Documents/2.Robotics/rover-embedded-2025/Arm_Brushless_2026/Robotics_Waist_2026/Src/mc_interface.c:1312:16:MCI_GetAvrgMecSpeedUnit	0	static
C:/Users/james/Documents/2.Robotics/rover-embedded-2025/Arm_Brushless_2026/Robotics_Waist_2026/Src/mc_interface.c:1336:16:MCI_GetAvrgMecSpeed_F	8	static
C:/Users/james/Documents/2.Robotics/rover-embedded-2025/Arm_Brushless_2026/Robotics_Waist_2026/Src/mc_interface.c:1361:16:MCI_GetMecSpeedRefUnit	0	static
C:/Users/james/Documents/2.Robotics/rover-embedded-2025/Arm_Brushless_2026/Robotics_Waist_2026/Src/mc_interface.c:1376:16:MCI_GetMecSpeedRef_F	8	static
C:/Users/james/Documents/2.Robotics/rover-embedded-2025/Arm_Brushless_2026/Robotics_Waist_2026/Src/mc_interface.c:1391:13:MCI_GetIab	8	static
C:/Users/james/Documents/2.Robotics/rover-embedded-2025/Arm_Brushless_2026/Robotics_Waist_2026/Src/mc_interface.c:1411:15:MCI_GetIab_F	16	static
C:/Users/james/Documents/2.Robotics/rover-embedded-2025/Arm_Brushless_2026/Robotics_Waist_2026/Src/mc_interface.c:1438:20:MCI_GetIalphabeta	8	static
C:/Users/james/Documents/2.Robotics/rover-embedded-2025/Arm_Brushless_2026/Robotics_Waist_2026/Src/mc_interface.c:1463:13:MCI_GetIqd	8	static
C:/Users/james/Documents/2.Robotics/rover-embedded-2025/Arm_Brushless_2026/Robotics_Waist_2026/Src/mc_interface.c:1488:15:MCI_GetIqd_F	16	static
C:/Users/james/Documents/2.Robotics/rover-embedded-2025/Arm_Brushless_2026/Robotics_Waist_2026/Src/mc_interface.c:1513:13:MCI_GetIqdref	8	static
C:/Users/james/Documents/2.Robotics/rover-embedded-2025/Arm_Brushless_2026/Robotics_Waist_2026/Src/mc_interface.c:1538:15:MCI_GetIqdref_F	16	static
C:/Users/james/Documents/2.Robotics/rover-embedded-2025/Arm_Brushless_2026/Robotics_Waist_2026/Src/mc_interface.c:1563:13:MCI_GetVqd	8	static
C:/Users/james/Documents/2.Robotics/rover-embedded-2025/Arm_Brushless_2026/Robotics_Waist_2026/Src/mc_interface.c:1588:20:MCI_GetValphabeta	8	static
C:/Users/james/Documents/2.Robotics/rover-embedded-2025/Arm_Brushless_2026/Robotics_Waist_2026/Src/mc_interface.c:1614:16:MCI_GetElAngledpp	0	static
C:/Users/james/Documents/2.Robotics/rover-embedded-2025/Arm_Brushless_2026/Robotics_Waist_2026/Src/mc_interface.c:1629:16:MCI_GetTeref	0	static
C:/Users/james/Documents/2.Robotics/rover-embedded-2025/Arm_Brushless_2026/Robotics_Waist_2026/Src/mc_interface.c:1643:16:MCI_GetTeref_F	0	static
C:/Users/james/Documents/2.Robotics/rover-embedded-2025/Arm_Brushless_2026/Robotics_Waist_2026/Src/mc_interface.c:1659:16:MCI_GetPhaseCurrentAmplitude	0	static,ignoring_inline_asm
C:/Users/james/Documents/2.Robotics/rover-embedded-2025/Arm_Brushless_2026/Robotics_Waist_2026/Src/mc_interface.c:1688:16:MCI_GetPhaseVoltageAmplitude	8	static
C:/Users/james/Documents/2.Robotics/rover-embedded-2025/Arm_Brushless_2026/Robotics_Waist_2026/Src/mc_interface.c:1725:13:MCI_Clear_Iqdref	8	static
