../Application/User/CAN_processing.c:60:9:get_CAN_transmitter	0	static
../Application/User/CAN_processing.c:63:9:get_CAN_action	0	static
../Application/User/CAN_processing.c:66:9:get_CAN_motor_mov_type	0	static
../Application/User/CAN_processing.c:69:9:get_CAN_motor_type	0	static
../Application/User/CAN_processing.c:72:9:get_CAN_SPEC	0	static
../Application/User/CAN_processing.c:75:5:get_CAN_device_ID	0	static
../Application/User/CAN_processing.c:325:6:runSingleMotorV2	40	static
../Application/User/CAN_processing.c:398:6:IdleSingleMotor	24	static
../Application/User/CAN_processing.c:524:7:speedCheck	16	static
../Application/User/CAN_processing.c:547:7:clippingCheck	16	static
../Application/User/CAN_processing.c:572:6:safeStopMotor	56	static
../Application/User/CAN_processing.c:470:6:StartSingleMotor	16	static
../Application/User/CAN_processing.c:260:6:ControlSingleMotor	16	static
../Application/User/CAN_processing.c:224:6:Process_Multiple_ESC_Command	24	static
../Application/User/CAN_processing.c:713:6:checkReversing	16	static
../Application/User/CAN_processing.c:734:10:computeRampTimeMs	0	static
../Application/User/CAN_processing.c:766:6:sendCANResponse	72	static
../Application/User/CAN_processing.c:152:6:Process_Single_ESC_Command	16	static
../Application/User/CAN_processing.c:82:6:CAN_Parse_MSG	32	static
../Application/User/CAN_processing.c:819:7:SingleExtractFloatFromCAN	0	static
../Application/User/CAN_processing.c:834:9:extract_multiple_speeds	0	static
